[/] index1_symlink.html <> index2_symlink.html (file)
Entries are different
total: 1, equal: 0, distinct: 1, only left: 0, only right: 0